<html>
<body>
<pre>
<h1>礦ision Build Log</h1>
<h2>Tool Versions:</h2>
IDE-Version: μVision V5.43.1.0
Copyright (C) 2025 ARM Ltd and ARM Germany GmbH. All rights reserved.
License Information: sb sb, sb, LIC=47GU5-GZUNF-30LNC-73EL5-8GH9X-X47UG
 
Tool Versions:
Toolchain:       MDK-ARM Plus  Version: 5.43.0.0
Toolchain Path:  C:\Users\联想\AppData\Local\Keil_v5\ARM\ARMCC\Bin
C Compiler:      Armcc.exe V5.06 update 7 (build 960)
Assembler:       Armasm.exe V5.06 update 7 (build 960)
Linker/Locator:  ArmLink.exe V5.06 update 7 (build 960)
Library Manager: ArmAr.exe V5.06 update 7 (build 960)
Hex Converter:   FromElf.exe V5.06 update 7 (build 960)
CPU DLL:         SARMCM3.DLL V5.43.0.0
Dialog DLL:      DCM.DLL V1.17.5.0
Target DLL:      STLink\ST-LINKIII-KEIL_SWO.dll V3.3.1.0
Dialog DLL:      TCM.DLL V1.56.6.0
 
<h2>Project:</h2>
D:\文件\电赛\STM32Project\6-4PWM驱动舵机\Project.uvprojx
Project File Date:  12/13/2025

<h2>Output:</h2>
*** Using Compiler 'V5.06 update 7 (build 960)', folder: 'C:\Users\联想\AppData\Local\Keil_v5\ARM\ARMCC\Bin'
Build target 'Target_1'
compiling main.c...
.\Hardware\LED.h(4): warning:  #92-D: identifier-list parameters may only be used in a function definition
  void LED_Set(Pin, State);
.\Hardware\LED.h(5): warning:  #92-D: identifier-list parameters may only be used in a function definition
  void LED_Turn(Pin);
.\Hardware\Buzzer.h(4): warning:  #92-D: identifier-list parameters may only be used in a function definition
  void Buzzer_Set(State);
.\Hardware\OLED.h(12): warning:  #92-D: identifier-list parameters may only be used in a function definition
  void OLED_Clear_Row(Row);
User\main.c(18): warning:  #223-D: function "PWM_Init" declared implicitly
  	PWM_Init();
User\main.c: 5 warnings, 0 errors
linking...
Program Size: Code=4490 RO-data=1790 RW-data=8 ZI-data=1632  
".\Objects\Project.axf" - 0 Error(s), 5 Warning(s).

<h2>Software Packages used:</h2>

Package Vendor: Keil
                https://www.keil.com/pack/Keil.STM32F1xx_DFP.2.4.1.pack
                Keil::STM32F1xx_DFP@2.4.1
                STMicroelectronics STM32F1 Series Device Support, Drivers and Examples

<h2>Collection of Component include folders:</h2>
  C:/Users/联想/AppData/Local/Arm/Packs/Keil/STM32F1xx_DFP/2.4.1/Device/Include

<h2>Collection of Component Files used:</h2>
Build Time Elapsed:  00:00:01
</pre>
</body>
</html>
